iwmap 4
// entity 0
{
guid "{3A75B9BE-BEE8-11E6-A808-6245B4E88A82}"
"classname" "worldspawn"
"fsi" "zm_factory_volumetric"
"vol_pri_fix" "5"
}
// entity 1
// entity 2
// entity 3
// entity 4
// entity 5
// entity 6
// entity 7
// entity 8
// entity 9
// entity 10
// entity 11
// entity 12
// entity 13
// entity 14
// entity 15
{
guid "{3B8592D2-8D65-11E6-A92A-0026832BA76F}"
layer "windows_prefabs"
"classname" "misc_prefab"
"angles" "0 180 0"
"model" "_prefabs/zm/zm_core/barricade_reciever_wood_hide_pieces.map"
"origin" "80 -588 0"
"script_string" "start_zone_window1"
}
// entity 16
{
guid "{4E743E31-8D66-11E6-A92A-0026832BA76F}"
layer "zombies_spawns"
"classname" "actor_spawner_zm_factory_zombie"
"coop_count" "9999 0 0 0"
"count" "9999"
"export" "1"
"origin" "4 -704 8"
"script_forcespawn" "1"
"script_noteworthy" "zombie_spawner"
"targetname" "start_zone_spawners"
"spawnflags" "9"
}
// entity 17
{
guid "{4E743E34-8D66-11E6-A92A-0026832BA76F}"
layer "zombies_spawns"
"classname" "script_struct"
"origin" "44 -704 8"
"script_noteworthy" "spawn_location"
"script_string" "start_zone_window1"
"targetname" "start_zone_spawners"
}
// entity 18
// entity 19
// entity 20
// entity 21
// entity 22
// entity 23
// entity 24
// entity 25
// entity 26
// entity 27
// entity 28
// entity 29
// entity 30
// entity 31
// entity 32
// entity 33
// entity 34
// entity 35
// entity 36
// entity 37
// entity 38
// entity 39
// entity 40
// entity 41
// entity 42
// entity 43
// entity 44
// entity 45
// entity 46
// entity 47
// entity 48
// entity 49
// entity 50
// entity 51
// entity 52
// entity 53
// entity 54
// entity 55
// entity 56
// entity 57
// entity 58
// entity 59
// entity 60
// entity 61
// entity 62
// entity 63
// entity 64
// entity 65
// entity 66
// entity 67
// entity 68
// entity 69
// entity 70
// entity 71
// entity 72
// entity 73
// entity 74
// entity 75
// entity 76
// entity 77
// entity 78
// entity 79
// entity 80
// entity 81
// entity 82
// entity 83
// entity 84
// entity 85
// entity 86
// entity 87
// entity 88
// entity 89
// entity 90
// entity 91
// entity 92
// entity 93
// entity 94
// entity 95
// entity 96
